// 同步 ID: 2329886e @ Thu Jul 23 06:41:42 UTC 2026
// 重构日志: 4846d95c
// 重构日志: 1c37b798
// 重构日志: 46bec800
// 重构日志: 5bc54745
// 重构日志: 412d8735
// 重构日志: 21245d55
// 重构日志: 8fa36377
// 重构日志: 79d8694d
// 同步 ID: cee7d324 @ Wed Jul 29 14:11:11 UTC 2026
// 同步 ID: fa04711e @ Thu Jul 30 18:07:41 UTC 2026
// 同步 ID: 1da65fe9 @ Fri Jul 31 12:11:01 UTC 2026
// 重构日志: 24791296
// 重构日志: f80b84dc
// 重构日志: a2816482
// 重构日志: 5921bf77
// 同步 ID: b0c9cf5d @ Sat Aug  1 13:39:34 UTC 2026
// 同步 ID: cc078fe5 @ Sun Aug  2 14:59:50 UTC 2026
// 同步 ID: f3626250 @ Sun Aug  2 16:26:42 UTC 2026
// 重构日志: f0e977b6
// 重构日志: dc10161e
// 同步 ID: 62a39f44 @ Wed Aug  5 05:55:16 UTC 2026
// 重构日志: 7d4dc7a8
// 重构日志: b789b61d
// 重构日志: 198e0660
// 重构日志: f3a8cbc1
// 重构日志: 25c5cccb
// 重构日志: e09674f5
// 重构日志: 08668854
// 同步 ID: 1e8ac8fe @ Sat Aug  8 11:02:04 UTC 2026
// 重构日志: 5f489e4f
